
*** Running vivado
    with args -log MADC_ARTY_Z7_MADC_0_0.vds -m64 -product Vivado -mode batch -messageDb vivado.pb -notrace -source MADC_ARTY_Z7_MADC_0_0.tcl


****** Vivado v2024.1 (64-bit)
  **** SW Build 5076996 on Wed May 22 18:36:09 MDT 2024
  **** IP Build 5075265 on Wed May 22 21:45:21 MDT 2024
  **** SharedData Build 5076995 on Wed May 22 18:29:18 MDT 2024
  **** Start of session at: Wed Sep  9 19:21:11 2026
    ** Copyright 1986-2022 Xilinx, Inc. All Rights Reserved.
    ** Copyright 2022-2024 Advanced Micro Devices, Inc. All Rights Reserved.

source MADC_ARTY_Z7_MADC_0_0.tcl -notrace
create_project: Time (s): cpu = 00:00:06 ; elapsed = 00:00:06 . Memory (MB): peak = 1439.750 ; gain = 61.836 ; free physical = 38105 ; free virtual = 50179
INFO: [IP_Flow 19-234] Refreshing IP repositories
INFO: [IP_Flow 19-1700] Loaded user IP repository '/home/grzegorz/git/MADC_ARTY/Software/vivado/madc_ip_repo'.
INFO: [IP_Flow 19-2313] Loaded Vivado IP repository '/opt/Xilinx/Vivado/2024.1/data/ip'.
INFO: [IP_Flow 19-6924] IPCACHE: Running cache check for IP inst: MADC_ARTY_Z7_MADC_0_0
Command: synth_design -top MADC_ARTY_Z7_MADC_0_0 -part xc7z010clg400-1 -incremental_mode off -mode out_of_context
Starting synth_design
Attempting to get a license for feature 'Synthesis' and/or device 'xc7z010'
INFO: [Common 17-349] Got license for feature 'Synthesis' and/or device 'xc7z010'
INFO: [Device 21-403] Loading part xc7z010clg400-1
INFO: [Device 21-9227] Part: xc7z010clg400-1 does not have CEAM library.
INFO: [Synth 8-7079] Multithreading enabled for synth_design using a maximum of 4 processes.
INFO: [Synth 8-7078] Launching helper process for spawning children vivado processes
INFO: [Synth 8-7075] Helper process launched with PID 740738
---------------------------------------------------------------------------------
Starting RTL Elaboration : Time (s): cpu = 00:00:04 ; elapsed = 00:00:04 . Memory (MB): peak = 2203.426 ; gain = 412.715 ; free physical = 37000 ; free virtual = 49078
---------------------------------------------------------------------------------
INFO: [Synth 8-638] synthesizing module 'MADC_ARTY_Z7_MADC_0_0' [/home/grzegorz/git/MADC_ARTY/Software/vivado/MADC_ARTY_Z7/MADC_ARTY_Z7.gen/sources_1/bd/MADC_ARTY_Z7/ip/MADC_ARTY_Z7_MADC_0_0/synth/MADC_ARTY_Z7_MADC_0_0.vhd:88]
	Parameter DATA_SIZE bound to: 32 - type: integer 
	Parameter ADDR_SIZE bound to: 8 - type: integer 
	Parameter NPLC bound to: 20000 - type: integer 
	Parameter VREF bound to: 1 - type: integer 
	Parameter NVC bound to: 0 - type: integer 
INFO: [Synth 8-3491] module 'MADC' declared at '/home/grzegorz/git/MADC_ARTY/Software/vivado/MADC_ARTY_Z7/MADC_ARTY_Z7.gen/sources_1/bd/MADC_ARTY_Z7/ipshared/b187/hdl/MADC.vhd:5' bound to instance 'U0' of component 'MADC' [/home/grzegorz/git/MADC_ARTY/Software/vivado/MADC_ARTY_Z7/MADC_ARTY_Z7.gen/sources_1/bd/MADC_ARTY_Z7/ip/MADC_ARTY_Z7_MADC_0_0/synth/MADC_ARTY_Z7_MADC_0_0.vhd:161]
INFO: [Synth 8-638] synthesizing module 'MADC' [/home/grzegorz/git/MADC_ARTY/Software/vivado/MADC_ARTY_Z7/MADC_ARTY_Z7.gen/sources_1/bd/MADC_ARTY_Z7/ipshared/b187/hdl/MADC.vhd:57]
	Parameter C_S_AXI_DATA_WIDTH bound to: 32 - type: integer 
	Parameter C_S_AXI_ADDR_WIDTH bound to: 8 - type: integer 
INFO: [Synth 8-3491] module 'MADC_slave_lite_v1_0_S00_AXI' declared at '/home/grzegorz/git/MADC_ARTY/Software/vivado/MADC_ARTY_Z7/MADC_ARTY_Z7.gen/sources_1/bd/MADC_ARTY_Z7/ipshared/b187/hdl/MADC_slave_lite_v1_0_S00_AXI.vhd:5' bound to instance 'MADC_slave_lite_v1_0_S00_AXI_inst' of component 'MADC_slave_lite_v1_0_S00_AXI' [/home/grzegorz/git/MADC_ARTY/Software/vivado/MADC_ARTY_Z7/MADC_ARTY_Z7.gen/sources_1/bd/MADC_ARTY_Z7/ipshared/b187/hdl/MADC.vhd:122]
INFO: [Synth 8-638] synthesizing module 'MADC_slave_lite_v1_0_S00_AXI' [/home/grzegorz/git/MADC_ARTY/Software/vivado/MADC_ARTY_Z7/MADC_ARTY_Z7.gen/sources_1/bd/MADC_ARTY_Z7/ipshared/b187/hdl/MADC_slave_lite_v1_0_S00_AXI.vhd:86]
INFO: [Synth 8-256] done synthesizing module 'MADC_slave_lite_v1_0_S00_AXI' (0#1) [/home/grzegorz/git/MADC_ARTY/Software/vivado/MADC_ARTY_Z7/MADC_ARTY_Z7.gen/sources_1/bd/MADC_ARTY_Z7/ipshared/b187/hdl/MADC_slave_lite_v1_0_S00_AXI.vhd:86]
	Parameter DATA_SIZE bound to: 32 - type: integer 
	Parameter ADDR_SIZE bound to: 8 - type: integer 
	Parameter PLC bound to: 20000 - type: integer 
	Parameter VREF bound to: 1 - type: integer 
	Parameter NVC bound to: 0 - type: integer 
INFO: [Synth 8-3491] module 'madc_ctr' declared at '/home/grzegorz/git/MADC_ARTY/Software/vivado/MADC_ARTY_Z7/MADC_ARTY_Z7.gen/sources_1/bd/MADC_ARTY_Z7/ipshared/b187/hdl/madc_ctr.vhd:18' bound to instance 'madc_ctr_inst' of component 'madc_ctr' [/home/grzegorz/git/MADC_ARTY/Software/vivado/MADC_ARTY_Z7/MADC_ARTY_Z7.gen/sources_1/bd/MADC_ARTY_Z7/ipshared/b187/hdl/MADC.vhd:153]
INFO: [Synth 8-638] synthesizing module 'madc_ctr' [/home/grzegorz/git/MADC_ARTY/Software/vivado/MADC_ARTY_Z7/MADC_ARTY_Z7.gen/sources_1/bd/MADC_ARTY_Z7/ipshared/b187/hdl/madc_ctr.vhd:49]
INFO: [Synth 8-3491] module 'hardware_clk_gen_1mhz' declared at '/home/grzegorz/git/MADC_ARTY/Software/vivado/MADC_ARTY_Z7/MADC_ARTY_Z7.gen/sources_1/bd/MADC_ARTY_Z7/ipshared/b187/hdl/pll.vhd:11' bound to instance 'hardware_clk_gen_1mhz_inst' of component 'hardware_clk_gen_1mhz' [/home/grzegorz/git/MADC_ARTY/Software/vivado/MADC_ARTY_Z7/MADC_ARTY_Z7.gen/sources_1/bd/MADC_ARTY_Z7/ipshared/b187/hdl/madc_ctr.vhd:100]
INFO: [Synth 8-638] synthesizing module 'hardware_clk_gen_1mhz' [/home/grzegorz/git/MADC_ARTY/Software/vivado/MADC_ARTY_Z7/MADC_ARTY_Z7.gen/sources_1/bd/MADC_ARTY_Z7/ipshared/b187/hdl/pll.vhd:20]
	Parameter BANDWIDTH bound to: OPTIMIZED - type: string 
	Parameter CLKFBOUT_MULT bound to: 8 - type: integer 
	Parameter CLKFBOUT_PHASE bound to: 0.000000 - type: double 
	Parameter CLKIN1_PERIOD bound to: 10.000000 - type: double 
	Parameter CLKOUT0_DIVIDE bound to: 80 - type: integer 
	Parameter CLKOUT0_DUTY_CYCLE bound to: 0.500000 - type: double 
	Parameter CLKOUT0_PHASE bound to: 0.000000 - type: double 
	Parameter DIVCLK_DIVIDE bound to: 1 - type: integer 
	Parameter REF_JITTER1 bound to: 0.010000 - type: double 
	Parameter STARTUP_WAIT bound to: FALSE - type: string 
INFO: [Synth 8-113] binding component instance 'pll_inst' to cell 'PLLE2_BASE' [/home/grzegorz/git/MADC_ARTY/Software/vivado/MADC_ARTY_Z7/MADC_ARTY_Z7.gen/sources_1/bd/MADC_ARTY_Z7/ipshared/b187/hdl/pll.vhd:33]
INFO: [Synth 8-113] binding component instance 'bufg_10mhz' to cell 'BUFG' [/home/grzegorz/git/MADC_ARTY/Software/vivado/MADC_ARTY_Z7/MADC_ARTY_Z7.gen/sources_1/bd/MADC_ARTY_Z7/ipshared/b187/hdl/pll.vhd:60]
INFO: [Synth 8-113] binding component instance 'bufgce_1mhz' to cell 'BUFGCE' [/home/grzegorz/git/MADC_ARTY/Software/vivado/MADC_ARTY_Z7/MADC_ARTY_Z7.gen/sources_1/bd/MADC_ARTY_Z7/ipshared/b187/hdl/pll.vhd:90]
INFO: [Synth 8-256] done synthesizing module 'hardware_clk_gen_1mhz' (0#1) [/home/grzegorz/git/MADC_ARTY/Software/vivado/MADC_ARTY_Z7/MADC_ARTY_Z7.gen/sources_1/bd/MADC_ARTY_Z7/ipshared/b187/hdl/pll.vhd:20]
INFO: [Synth 8-256] done synthesizing module 'madc_ctr' (0#1) [/home/grzegorz/git/MADC_ARTY/Software/vivado/MADC_ARTY_Z7/MADC_ARTY_Z7.gen/sources_1/bd/MADC_ARTY_Z7/ipshared/b187/hdl/madc_ctr.vhd:49]
INFO: [Synth 8-256] done synthesizing module 'MADC' (0#1) [/home/grzegorz/git/MADC_ARTY/Software/vivado/MADC_ARTY_Z7/MADC_ARTY_Z7.gen/sources_1/bd/MADC_ARTY_Z7/ipshared/b187/hdl/MADC.vhd:57]
INFO: [Synth 8-256] done synthesizing module 'MADC_ARTY_Z7_MADC_0_0' (0#1) [/home/grzegorz/git/MADC_ARTY/Software/vivado/MADC_ARTY_Z7/MADC_ARTY_Z7.gen/sources_1/bd/MADC_ARTY_Z7/ip/MADC_ARTY_Z7_MADC_0_0/synth/MADC_ARTY_Z7_MADC_0_0.vhd:88]
WARNING: [Synth 8-6014] Unused sequential element axi_wready_reg was removed.  [/home/grzegorz/git/MADC_ARTY/Software/vivado/MADC_ARTY_Z7/MADC_ARTY_Z7.gen/sources_1/bd/MADC_ARTY_Z7/ipshared/b187/hdl/MADC_slave_lite_v1_0_S00_AXI.vhd:133]
WARNING: [Synth 8-3848] Net axi_bresp in module/entity MADC_slave_lite_v1_0_S00_AXI does not have driver. [/home/grzegorz/git/MADC_ARTY/Software/vivado/MADC_ARTY_Z7/MADC_ARTY_Z7.gen/sources_1/bd/MADC_ARTY_Z7/ipshared/b187/hdl/MADC_slave_lite_v1_0_S00_AXI.vhd:92]
WARNING: [Synth 8-3848] Net S_AXI_RDATA in module/entity MADC_slave_lite_v1_0_S00_AXI does not have driver. [/home/grzegorz/git/MADC_ARTY/Software/vivado/MADC_ARTY_Z7/MADC_ARTY_Z7.gen/sources_1/bd/MADC_ARTY_Z7/ipshared/b187/hdl/MADC_slave_lite_v1_0_S00_AXI.vhd:73]
WARNING: [Synth 8-3848] Net axi_rresp in module/entity MADC_slave_lite_v1_0_S00_AXI does not have driver. [/home/grzegorz/git/MADC_ARTY/Software/vivado/MADC_ARTY_Z7/MADC_ARTY_Z7.gen/sources_1/bd/MADC_ARTY_Z7/ipshared/b187/hdl/MADC_slave_lite_v1_0_S00_AXI.vhd:96]
WARNING: [Synth 8-7129] Port S_AXI_BRESP[1] in module MADC_slave_lite_v1_0_S00_AXI is either unconnected or has no load
WARNING: [Synth 8-7129] Port S_AXI_BRESP[0] in module MADC_slave_lite_v1_0_S00_AXI is either unconnected or has no load
WARNING: [Synth 8-7129] Port S_AXI_RDATA[31] in module MADC_slave_lite_v1_0_S00_AXI is either unconnected or has no load
WARNING: [Synth 8-7129] Port S_AXI_RDATA[30] in module MADC_slave_lite_v1_0_S00_AXI is either unconnected or has no load
WARNING: [Synth 8-7129] Port S_AXI_RDATA[29] in module MADC_slave_lite_v1_0_S00_AXI is either unconnected or has no load
WARNING: [Synth 8-7129] Port S_AXI_RDATA[28] in module MADC_slave_lite_v1_0_S00_AXI is either unconnected or has no load
WARNING: [Synth 8-7129] Port S_AXI_RDATA[27] in module MADC_slave_lite_v1_0_S00_AXI is either unconnected or has no load
WARNING: [Synth 8-7129] Port S_AXI_RDATA[26] in module MADC_slave_lite_v1_0_S00_AXI is either unconnected or has no load
WARNING: [Synth 8-7129] Port S_AXI_RDATA[25] in module MADC_slave_lite_v1_0_S00_AXI is either unconnected or has no load
WARNING: [Synth 8-7129] Port S_AXI_RDATA[24] in module MADC_slave_lite_v1_0_S00_AXI is either unconnected or has no load
WARNING: [Synth 8-7129] Port S_AXI_RDATA[23] in module MADC_slave_lite_v1_0_S00_AXI is either unconnected or has no load
WARNING: [Synth 8-7129] Port S_AXI_RDATA[22] in module MADC_slave_lite_v1_0_S00_AXI is either unconnected or has no load
WARNING: [Synth 8-7129] Port S_AXI_RDATA[21] in module MADC_slave_lite_v1_0_S00_AXI is either unconnected or has no load
WARNING: [Synth 8-7129] Port S_AXI_RDATA[20] in module MADC_slave_lite_v1_0_S00_AXI is either unconnected or has no load
WARNING: [Synth 8-7129] Port S_AXI_RDATA[19] in module MADC_slave_lite_v1_0_S00_AXI is either unconnected or has no load
WARNING: [Synth 8-7129] Port S_AXI_RDATA[18] in module MADC_slave_lite_v1_0_S00_AXI is either unconnected or has no load
WARNING: [Synth 8-7129] Port S_AXI_RDATA[17] in module MADC_slave_lite_v1_0_S00_AXI is either unconnected or has no load
WARNING: [Synth 8-7129] Port S_AXI_RDATA[16] in module MADC_slave_lite_v1_0_S00_AXI is either unconnected or has no load
WARNING: [Synth 8-7129] Port S_AXI_RDATA[15] in module MADC_slave_lite_v1_0_S00_AXI is either unconnected or has no load
WARNING: [Synth 8-7129] Port S_AXI_RDATA[14] in module MADC_slave_lite_v1_0_S00_AXI is either unconnected or has no load
WARNING: [Synth 8-7129] Port S_AXI_RDATA[13] in module MADC_slave_lite_v1_0_S00_AXI is either unconnected or has no load
WARNING: [Synth 8-7129] Port S_AXI_RDATA[12] in module MADC_slave_lite_v1_0_S00_AXI is either unconnected or has no load
WARNING: [Synth 8-7129] Port S_AXI_RDATA[11] in module MADC_slave_lite_v1_0_S00_AXI is either unconnected or has no load
WARNING: [Synth 8-7129] Port S_AXI_RDATA[10] in module MADC_slave_lite_v1_0_S00_AXI is either unconnected or has no load
WARNING: [Synth 8-7129] Port S_AXI_RDATA[9] in module MADC_slave_lite_v1_0_S00_AXI is either unconnected or has no load
WARNING: [Synth 8-7129] Port S_AXI_RDATA[8] in module MADC_slave_lite_v1_0_S00_AXI is either unconnected or has no load
WARNING: [Synth 8-7129] Port S_AXI_RDATA[7] in module MADC_slave_lite_v1_0_S00_AXI is either unconnected or has no load
WARNING: [Synth 8-7129] Port S_AXI_RDATA[6] in module MADC_slave_lite_v1_0_S00_AXI is either unconnected or has no load
WARNING: [Synth 8-7129] Port S_AXI_RDATA[5] in module MADC_slave_lite_v1_0_S00_AXI is either unconnected or has no load
WARNING: [Synth 8-7129] Port S_AXI_RDATA[4] in module MADC_slave_lite_v1_0_S00_AXI is either unconnected or has no load
WARNING: [Synth 8-7129] Port S_AXI_RDATA[3] in module MADC_slave_lite_v1_0_S00_AXI is either unconnected or has no load
WARNING: [Synth 8-7129] Port S_AXI_RDATA[2] in module MADC_slave_lite_v1_0_S00_AXI is either unconnected or has no load
WARNING: [Synth 8-7129] Port S_AXI_RDATA[1] in module MADC_slave_lite_v1_0_S00_AXI is either unconnected or has no load
WARNING: [Synth 8-7129] Port S_AXI_RDATA[0] in module MADC_slave_lite_v1_0_S00_AXI is either unconnected or has no load
WARNING: [Synth 8-7129] Port S_AXI_RRESP[1] in module MADC_slave_lite_v1_0_S00_AXI is either unconnected or has no load
WARNING: [Synth 8-7129] Port S_AXI_RRESP[0] in module MADC_slave_lite_v1_0_S00_AXI is either unconnected or has no load
WARNING: [Synth 8-7129] Port S_AXI_AWADDR[7] in module MADC_slave_lite_v1_0_S00_AXI is either unconnected or has no load
WARNING: [Synth 8-7129] Port S_AXI_AWADDR[6] in module MADC_slave_lite_v1_0_S00_AXI is either unconnected or has no load
WARNING: [Synth 8-7129] Port S_AXI_AWADDR[5] in module MADC_slave_lite_v1_0_S00_AXI is either unconnected or has no load
WARNING: [Synth 8-7129] Port S_AXI_AWADDR[4] in module MADC_slave_lite_v1_0_S00_AXI is either unconnected or has no load
WARNING: [Synth 8-7129] Port S_AXI_AWADDR[3] in module MADC_slave_lite_v1_0_S00_AXI is either unconnected or has no load
WARNING: [Synth 8-7129] Port S_AXI_AWADDR[2] in module MADC_slave_lite_v1_0_S00_AXI is either unconnected or has no load
WARNING: [Synth 8-7129] Port S_AXI_AWADDR[1] in module MADC_slave_lite_v1_0_S00_AXI is either unconnected or has no load
WARNING: [Synth 8-7129] Port S_AXI_AWADDR[0] in module MADC_slave_lite_v1_0_S00_AXI is either unconnected or has no load
WARNING: [Synth 8-7129] Port S_AXI_AWPROT[2] in module MADC_slave_lite_v1_0_S00_AXI is either unconnected or has no load
WARNING: [Synth 8-7129] Port S_AXI_AWPROT[1] in module MADC_slave_lite_v1_0_S00_AXI is either unconnected or has no load
WARNING: [Synth 8-7129] Port S_AXI_AWPROT[0] in module MADC_slave_lite_v1_0_S00_AXI is either unconnected or has no load
WARNING: [Synth 8-7129] Port S_AXI_WDATA[31] in module MADC_slave_lite_v1_0_S00_AXI is either unconnected or has no load
WARNING: [Synth 8-7129] Port S_AXI_WDATA[30] in module MADC_slave_lite_v1_0_S00_AXI is either unconnected or has no load
WARNING: [Synth 8-7129] Port S_AXI_WDATA[29] in module MADC_slave_lite_v1_0_S00_AXI is either unconnected or has no load
WARNING: [Synth 8-7129] Port S_AXI_WDATA[28] in module MADC_slave_lite_v1_0_S00_AXI is either unconnected or has no load
WARNING: [Synth 8-7129] Port S_AXI_WDATA[27] in module MADC_slave_lite_v1_0_S00_AXI is either unconnected or has no load
WARNING: [Synth 8-7129] Port S_AXI_WDATA[26] in module MADC_slave_lite_v1_0_S00_AXI is either unconnected or has no load
WARNING: [Synth 8-7129] Port S_AXI_WDATA[25] in module MADC_slave_lite_v1_0_S00_AXI is either unconnected or has no load
WARNING: [Synth 8-7129] Port S_AXI_WDATA[24] in module MADC_slave_lite_v1_0_S00_AXI is either unconnected or has no load
WARNING: [Synth 8-7129] Port S_AXI_WDATA[23] in module MADC_slave_lite_v1_0_S00_AXI is either unconnected or has no load
WARNING: [Synth 8-7129] Port S_AXI_WDATA[22] in module MADC_slave_lite_v1_0_S00_AXI is either unconnected or has no load
WARNING: [Synth 8-7129] Port S_AXI_WDATA[21] in module MADC_slave_lite_v1_0_S00_AXI is either unconnected or has no load
WARNING: [Synth 8-7129] Port S_AXI_WDATA[20] in module MADC_slave_lite_v1_0_S00_AXI is either unconnected or has no load
WARNING: [Synth 8-7129] Port S_AXI_WDATA[19] in module MADC_slave_lite_v1_0_S00_AXI is either unconnected or has no load
WARNING: [Synth 8-7129] Port S_AXI_WDATA[18] in module MADC_slave_lite_v1_0_S00_AXI is either unconnected or has no load
WARNING: [Synth 8-7129] Port S_AXI_WDATA[17] in module MADC_slave_lite_v1_0_S00_AXI is either unconnected or has no load
WARNING: [Synth 8-7129] Port S_AXI_WDATA[16] in module MADC_slave_lite_v1_0_S00_AXI is either unconnected or has no load
WARNING: [Synth 8-7129] Port S_AXI_WDATA[15] in module MADC_slave_lite_v1_0_S00_AXI is either unconnected or has no load
WARNING: [Synth 8-7129] Port S_AXI_WDATA[14] in module MADC_slave_lite_v1_0_S00_AXI is either unconnected or has no load
WARNING: [Synth 8-7129] Port S_AXI_WDATA[13] in module MADC_slave_lite_v1_0_S00_AXI is either unconnected or has no load
WARNING: [Synth 8-7129] Port S_AXI_WDATA[12] in module MADC_slave_lite_v1_0_S00_AXI is either unconnected or has no load
WARNING: [Synth 8-7129] Port S_AXI_WDATA[11] in module MADC_slave_lite_v1_0_S00_AXI is either unconnected or has no load
WARNING: [Synth 8-7129] Port S_AXI_WDATA[10] in module MADC_slave_lite_v1_0_S00_AXI is either unconnected or has no load
WARNING: [Synth 8-7129] Port S_AXI_WDATA[9] in module MADC_slave_lite_v1_0_S00_AXI is either unconnected or has no load
WARNING: [Synth 8-7129] Port S_AXI_WDATA[8] in module MADC_slave_lite_v1_0_S00_AXI is either unconnected or has no load
WARNING: [Synth 8-7129] Port S_AXI_WDATA[7] in module MADC_slave_lite_v1_0_S00_AXI is either unconnected or has no load
WARNING: [Synth 8-7129] Port S_AXI_WDATA[6] in module MADC_slave_lite_v1_0_S00_AXI is either unconnected or has no load
WARNING: [Synth 8-7129] Port S_AXI_WDATA[5] in module MADC_slave_lite_v1_0_S00_AXI is either unconnected or has no load
WARNING: [Synth 8-7129] Port S_AXI_WDATA[4] in module MADC_slave_lite_v1_0_S00_AXI is either unconnected or has no load
WARNING: [Synth 8-7129] Port S_AXI_WDATA[3] in module MADC_slave_lite_v1_0_S00_AXI is either unconnected or has no load
WARNING: [Synth 8-7129] Port S_AXI_WDATA[2] in module MADC_slave_lite_v1_0_S00_AXI is either unconnected or has no load
WARNING: [Synth 8-7129] Port S_AXI_WDATA[1] in module MADC_slave_lite_v1_0_S00_AXI is either unconnected or has no load
WARNING: [Synth 8-7129] Port S_AXI_WDATA[0] in module MADC_slave_lite_v1_0_S00_AXI is either unconnected or has no load
WARNING: [Synth 8-7129] Port S_AXI_WSTRB[3] in module MADC_slave_lite_v1_0_S00_AXI is either unconnected or has no load
WARNING: [Synth 8-7129] Port S_AXI_WSTRB[2] in module MADC_slave_lite_v1_0_S00_AXI is either unconnected or has no load
WARNING: [Synth 8-7129] Port S_AXI_WSTRB[1] in module MADC_slave_lite_v1_0_S00_AXI is either unconnected or has no load
WARNING: [Synth 8-7129] Port S_AXI_WSTRB[0] in module MADC_slave_lite_v1_0_S00_AXI is either unconnected or has no load
WARNING: [Synth 8-7129] Port S_AXI_ARADDR[7] in module MADC_slave_lite_v1_0_S00_AXI is either unconnected or has no load
WARNING: [Synth 8-7129] Port S_AXI_ARADDR[6] in module MADC_slave_lite_v1_0_S00_AXI is either unconnected or has no load
WARNING: [Synth 8-7129] Port S_AXI_ARADDR[5] in module MADC_slave_lite_v1_0_S00_AXI is either unconnected or has no load
WARNING: [Synth 8-7129] Port S_AXI_ARADDR[4] in module MADC_slave_lite_v1_0_S00_AXI is either unconnected or has no load
WARNING: [Synth 8-7129] Port S_AXI_ARADDR[3] in module MADC_slave_lite_v1_0_S00_AXI is either unconnected or has no load
WARNING: [Synth 8-7129] Port S_AXI_ARADDR[2] in module MADC_slave_lite_v1_0_S00_AXI is either unconnected or has no load
WARNING: [Synth 8-7129] Port S_AXI_ARADDR[1] in module MADC_slave_lite_v1_0_S00_AXI is either unconnected or has no load
WARNING: [Synth 8-7129] Port S_AXI_ARADDR[0] in module MADC_slave_lite_v1_0_S00_AXI is either unconnected or has no load
WARNING: [Synth 8-7129] Port S_AXI_ARPROT[2] in module MADC_slave_lite_v1_0_S00_AXI is either unconnected or has no load
WARNING: [Synth 8-7129] Port S_AXI_ARPROT[1] in module MADC_slave_lite_v1_0_S00_AXI is either unconnected or has no load
WARNING: [Synth 8-7129] Port S_AXI_ARPROT[0] in module MADC_slave_lite_v1_0_S00_AXI is either unconnected or has no load
---------------------------------------------------------------------------------
Finished RTL Elaboration : Time (s): cpu = 00:00:05 ; elapsed = 00:00:05 . Memory (MB): peak = 2295.395 ; gain = 504.684 ; free physical = 36920 ; free virtual = 48995
---------------------------------------------------------------------------------
---------------------------------------------------------------------------------
Start Handling Custom Attributes
---------------------------------------------------------------------------------
---------------------------------------------------------------------------------
Finished Handling Custom Attributes : Time (s): cpu = 00:00:05 ; elapsed = 00:00:06 . Memory (MB): peak = 2310.238 ; gain = 519.527 ; free physical = 36912 ; free virtual = 48989
---------------------------------------------------------------------------------
---------------------------------------------------------------------------------
Finished RTL Optimization Phase 1 : Time (s): cpu = 00:00:05 ; elapsed = 00:00:06 . Memory (MB): peak = 2310.238 ; gain = 519.527 ; free physical = 36912 ; free virtual = 48989
---------------------------------------------------------------------------------
Netlist sorting complete. Time (s): cpu = 00:00:00.01 ; elapsed = 00:00:00.01 . Memory (MB): peak = 2316.176 ; gain = 0.000 ; free physical = 36904 ; free virtual = 48981
WARNING: [Netlist 29-345] The value of SIM_DEVICE on instance 'U0/madc_ctr_inst/generate_madc_clock.hardware_clk_gen_1mhz_inst/bufgce_1mhz' of type 'BUFGCE' is 'ULTRASCALE'; it is being changed to match the current FPGA architecture, '7SERIES'. For functional simulation to match hardware behavior, the value of SIM_DEVICE should be changed in the source netlist. 
INFO: [Netlist 29-17] Analyzing 2 Unisim elements for replacement
INFO: [Netlist 29-28] Unisim Transformation completed in 0 CPU seconds
INFO: [Project 1-570] Preparing netlist for logic optimization

Processing XDC Constraints
Initializing timing engine
Completed Processing XDC Constraints

Netlist sorting complete. Time (s): cpu = 00:00:00 ; elapsed = 00:00:00 . Memory (MB): peak = 2458.988 ; gain = 0.000 ; free physical = 36832 ; free virtual = 48908
INFO: [Project 1-111] Unisim Transformation Summary:
  A total of 2 instances were transformed.
  BUFGCE => BUFGCTRL: 1 instance 
  PLLE2_BASE => PLLE2_ADV: 1 instance 

Constraint Validation Runtime : Time (s): cpu = 00:00:00.03 ; elapsed = 00:00:00.01 . Memory (MB): peak = 2458.988 ; gain = 0.000 ; free physical = 36828 ; free virtual = 48904
INFO: [Designutils 20-5008] Incremental synthesis strategy off
---------------------------------------------------------------------------------
Finished Constraint Validation : Time (s): cpu = 00:00:11 ; elapsed = 00:00:11 . Memory (MB): peak = 2458.988 ; gain = 668.277 ; free physical = 36819 ; free virtual = 48894
---------------------------------------------------------------------------------
---------------------------------------------------------------------------------
Start Loading Part and Timing Information
---------------------------------------------------------------------------------
Loading part: xc7z010clg400-1
---------------------------------------------------------------------------------
Finished Loading Part and Timing Information : Time (s): cpu = 00:00:11 ; elapsed = 00:00:11 . Memory (MB): peak = 2466.992 ; gain = 676.281 ; free physical = 36819 ; free virtual = 48894
---------------------------------------------------------------------------------
---------------------------------------------------------------------------------
Start Applying 'set_property' XDC Constraints
---------------------------------------------------------------------------------
---------------------------------------------------------------------------------
Finished applying 'set_property' XDC Constraints : Time (s): cpu = 00:00:11 ; elapsed = 00:00:11 . Memory (MB): peak = 2466.992 ; gain = 676.281 ; free physical = 36819 ; free virtual = 48894
---------------------------------------------------------------------------------
INFO: [Synth 8-802] inferred FSM for state register 'state_reg' in module 'madc_ctr'
---------------------------------------------------------------------------------------------------
                   State |                     New Encoding |                Previous Encoding 
---------------------------------------------------------------------------------------------------
                      s0 |                              000 |                             0000
                      s3 |                              001 |                             0011
                      s4 |                              010 |                             0100
                      s5 |                              011 |                             0101
                      s7 |                              100 |                             0111
                      s6 |                              101 |                             0110
                      s8 |                              110 |                             1000
                      s9 |                              111 |                             1001
---------------------------------------------------------------------------------------------------
INFO: [Synth 8-3354] encoded FSM with state register 'state_reg' using encoding 'sequential' in module 'madc_ctr'
---------------------------------------------------------------------------------
Finished RTL Optimization Phase 2 : Time (s): cpu = 00:00:12 ; elapsed = 00:00:12 . Memory (MB): peak = 2466.992 ; gain = 676.281 ; free physical = 36820 ; free virtual = 48897
---------------------------------------------------------------------------------
---------------------------------------------------------------------------------
Start RTL Component Statistics 
---------------------------------------------------------------------------------
Detailed RTL Component Info : 
+---Adders : 
	   2 Input   32 Bit       Adders := 4     
	   3 Input   11 Bit       Adders := 1     
	   2 Input    4 Bit       Adders := 1     
+---Registers : 
	               32 Bit    Registers := 11    
	               10 Bit    Registers := 2     
	                4 Bit    Registers := 1     
	                1 Bit    Registers := 10    
+---Muxes : 
	   2 Input   32 Bit        Muxes := 6     
	   3 Input   32 Bit        Muxes := 1     
	   8 Input   32 Bit        Muxes := 5     
	   2 Input    4 Bit        Muxes := 1     
	   8 Input    3 Bit        Muxes := 1     
	   2 Input    3 Bit        Muxes := 5     
	   2 Input    1 Bit        Muxes := 4     
	   8 Input    1 Bit        Muxes := 17    
---------------------------------------------------------------------------------
Finished RTL Component Statistics 
---------------------------------------------------------------------------------
---------------------------------------------------------------------------------
Start Part Resource Summary
---------------------------------------------------------------------------------
Part Resources:
DSPs: 80 (col length:40)
BRAMs: 120 (col length: RAMB18 40 RAMB36 20)
---------------------------------------------------------------------------------
Finished Part Resource Summary
---------------------------------------------------------------------------------
---------------------------------------------------------------------------------
Start Cross Boundary and Area Optimization
---------------------------------------------------------------------------------
WARNING: [Synth 8-7080] Parallel synthesis criteria is not met
INFO: [Synth 8-3917] design MADC_ARTY_Z7_MADC_0_0 has port sw_vrh driven by constant 1
WARNING: [Synth 8-7129] Port s00_axi_bresp[1] in module MADC_ARTY_Z7_MADC_0_0 is either unconnected or has no load
WARNING: [Synth 8-7129] Port s00_axi_bresp[0] in module MADC_ARTY_Z7_MADC_0_0 is either unconnected or has no load
WARNING: [Synth 8-7129] Port s00_axi_rresp[1] in module MADC_ARTY_Z7_MADC_0_0 is either unconnected or has no load
WARNING: [Synth 8-7129] Port s00_axi_rresp[0] in module MADC_ARTY_Z7_MADC_0_0 is either unconnected or has no load
WARNING: [Synth 8-7129] Port s00_axi_awprot[2] in module MADC_ARTY_Z7_MADC_0_0 is either unconnected or has no load
WARNING: [Synth 8-7129] Port s00_axi_awprot[1] in module MADC_ARTY_Z7_MADC_0_0 is either unconnected or has no load
INFO: [Common 17-14] Message 'Synth 8-7129' appears 100 times and further instances of the messages will be disabled. Use the Tcl command set_msg_config to change the current settings.
---------------------------------------------------------------------------------
Finished Cross Boundary and Area Optimization : Time (s): cpu = 00:00:14 ; elapsed = 00:00:14 . Memory (MB): peak = 2466.992 ; gain = 676.281 ; free physical = 36826 ; free virtual = 48904
---------------------------------------------------------------------------------
---------------------------------------------------------------------------------
Start Applying XDC Timing Constraints
---------------------------------------------------------------------------------
---------------------------------------------------------------------------------
Finished Applying XDC Timing Constraints : Time (s): cpu = 00:00:19 ; elapsed = 00:00:19 . Memory (MB): peak = 2466.992 ; gain = 676.281 ; free physical = 36855 ; free virtual = 48930
---------------------------------------------------------------------------------
---------------------------------------------------------------------------------
Start Timing Optimization
---------------------------------------------------------------------------------
---------------------------------------------------------------------------------
Finished Timing Optimization : Time (s): cpu = 00:00:19 ; elapsed = 00:00:19 . Memory (MB): peak = 2466.992 ; gain = 676.281 ; free physical = 36855 ; free virtual = 48930
---------------------------------------------------------------------------------
---------------------------------------------------------------------------------
Start Technology Mapping
---------------------------------------------------------------------------------
---------------------------------------------------------------------------------
Finished Technology Mapping : Time (s): cpu = 00:00:19 ; elapsed = 00:00:19 . Memory (MB): peak = 2466.992 ; gain = 676.281 ; free physical = 36854 ; free virtual = 48929
---------------------------------------------------------------------------------
---------------------------------------------------------------------------------
Start IO Insertion
---------------------------------------------------------------------------------
---------------------------------------------------------------------------------
Start Flattening Before IO Insertion
---------------------------------------------------------------------------------
---------------------------------------------------------------------------------
Finished Flattening Before IO Insertion
---------------------------------------------------------------------------------
---------------------------------------------------------------------------------
Start Final Netlist Cleanup
---------------------------------------------------------------------------------
---------------------------------------------------------------------------------
Finished Final Netlist Cleanup
---------------------------------------------------------------------------------
---------------------------------------------------------------------------------
Finished IO Insertion : Time (s): cpu = 00:00:23 ; elapsed = 00:00:23 . Memory (MB): peak = 2466.992 ; gain = 676.281 ; free physical = 36843 ; free virtual = 48918
---------------------------------------------------------------------------------
---------------------------------------------------------------------------------
Start Renaming Generated Instances
---------------------------------------------------------------------------------
---------------------------------------------------------------------------------
Finished Renaming Generated Instances : Time (s): cpu = 00:00:23 ; elapsed = 00:00:23 . Memory (MB): peak = 2466.992 ; gain = 676.281 ; free physical = 36843 ; free virtual = 48918
---------------------------------------------------------------------------------
---------------------------------------------------------------------------------
Start Rebuilding User Hierarchy
---------------------------------------------------------------------------------
---------------------------------------------------------------------------------
Finished Rebuilding User Hierarchy : Time (s): cpu = 00:00:23 ; elapsed = 00:00:23 . Memory (MB): peak = 2466.992 ; gain = 676.281 ; free physical = 36843 ; free virtual = 48918
---------------------------------------------------------------------------------
---------------------------------------------------------------------------------
Start Renaming Generated Ports
---------------------------------------------------------------------------------
---------------------------------------------------------------------------------
Finished Renaming Generated Ports : Time (s): cpu = 00:00:23 ; elapsed = 00:00:23 . Memory (MB): peak = 2466.992 ; gain = 676.281 ; free physical = 36843 ; free virtual = 48918
---------------------------------------------------------------------------------
---------------------------------------------------------------------------------
Start Handling Custom Attributes
---------------------------------------------------------------------------------
---------------------------------------------------------------------------------
Finished Handling Custom Attributes : Time (s): cpu = 00:00:23 ; elapsed = 00:00:23 . Memory (MB): peak = 2466.992 ; gain = 676.281 ; free physical = 36843 ; free virtual = 48918
---------------------------------------------------------------------------------
---------------------------------------------------------------------------------
Start Renaming Generated Nets
---------------------------------------------------------------------------------
---------------------------------------------------------------------------------
Finished Renaming Generated Nets : Time (s): cpu = 00:00:23 ; elapsed = 00:00:23 . Memory (MB): peak = 2466.992 ; gain = 676.281 ; free physical = 36843 ; free virtual = 48918
---------------------------------------------------------------------------------
---------------------------------------------------------------------------------
Start Writing Synthesis Report
---------------------------------------------------------------------------------

Report BlackBoxes: 
+-+--------------+----------+
| |BlackBox name |Instances |
+-+--------------+----------+
+-+--------------+----------+

Report Cell Usage: 
+------+-----------+------+
|      |Cell       |Count |
+------+-----------+------+
|1     |BUFG       |     1|
|2     |BUFGCE     |     1|
|3     |CARRY4     |    48|
|4     |LUT1       |     2|
|5     |LUT2       |    52|
|6     |LUT3       |    64|
|7     |LUT4       |    76|
|8     |LUT5       |    36|
|9     |LUT6       |    88|
|10    |PLLE2_BASE |     1|
|11    |FDCE       |   295|
|12    |FDPE       |    10|
|13    |FDRE       |     4|
+------+-----------+------+
---------------------------------------------------------------------------------
Finished Writing Synthesis Report : Time (s): cpu = 00:00:23 ; elapsed = 00:00:23 . Memory (MB): peak = 2466.992 ; gain = 676.281 ; free physical = 36843 ; free virtual = 48918
---------------------------------------------------------------------------------
Synthesis finished with 0 errors, 0 critical warnings and 11 warnings.
Synthesis Optimization Runtime : Time (s): cpu = 00:00:22 ; elapsed = 00:00:22 . Memory (MB): peak = 2466.992 ; gain = 527.531 ; free physical = 36843 ; free virtual = 48918
Synthesis Optimization Complete : Time (s): cpu = 00:00:23 ; elapsed = 00:00:23 . Memory (MB): peak = 2467.000 ; gain = 676.281 ; free physical = 36843 ; free virtual = 48918
INFO: [Project 1-571] Translating synthesized netlist
Netlist sorting complete. Time (s): cpu = 00:00:00.01 ; elapsed = 00:00:00.01 . Memory (MB): peak = 2467.000 ; gain = 0.000 ; free physical = 36843 ; free virtual = 48918
WARNING: [Netlist 29-345] The value of SIM_DEVICE on instance 'U0/madc_ctr_inst/generate_madc_clock.hardware_clk_gen_1mhz_inst/bufgce_1mhz' of type 'BUFGCE' is 'ULTRASCALE'; it is being changed to match the current FPGA architecture, '7SERIES'. For functional simulation to match hardware behavior, the value of SIM_DEVICE should be changed in the source netlist. 
INFO: [Netlist 29-17] Analyzing 50 Unisim elements for replacement
INFO: [Netlist 29-28] Unisim Transformation completed in 0 CPU seconds
INFO: [Project 1-570] Preparing netlist for logic optimization
INFO: [Opt 31-138] Pushed 0 inverter(s) to 0 load pin(s).
Netlist sorting complete. Time (s): cpu = 00:00:00 ; elapsed = 00:00:00 . Memory (MB): peak = 2523.020 ; gain = 0.000 ; free physical = 37170 ; free virtual = 49245
INFO: [Project 1-111] Unisim Transformation Summary:
  A total of 2 instances were transformed.
  BUFGCE => BUFGCTRL: 1 instance 
  PLLE2_BASE => PLLE2_ADV: 1 instance 

Synth Design complete | Checksum: e73b947
INFO: [Common 17-83] Releasing license: Synthesis
43 Infos, 107 Warnings, 0 Critical Warnings and 0 Errors encountered.
synth_design completed successfully
synth_design: Time (s): cpu = 00:00:31 ; elapsed = 00:00:28 . Memory (MB): peak = 2523.020 ; gain = 1063.457 ; free physical = 37170 ; free virtual = 49245
INFO: [Common 17-2834] synth_design peak Physical Memory [PSS] (MB): overall = 2089.661; main = 1711.844; forked = 431.283
INFO: [Common 17-2834] synth_design peak Virtual Memory [VSS] (MB): overall = 3490.586; main = 2523.023; forked = 1023.590
Write ShapeDB Complete: Time (s): cpu = 00:00:00 ; elapsed = 00:00:00 . Memory (MB): peak = 2547.031 ; gain = 0.000 ; free physical = 37170 ; free virtual = 49245
INFO: [Common 17-1381] The checkpoint '/home/grzegorz/git/MADC_ARTY/Software/vivado/MADC_ARTY_Z7/MADC_ARTY_Z7.runs/MADC_ARTY_Z7_MADC_0_0_synth_1/MADC_ARTY_Z7_MADC_0_0.dcp' has been generated.
INFO: [Coretcl 2-1648] Added synthesis output to IP cache for IP MADC_ARTY_Z7_MADC_0_0, cache-ID = 46195e1d87d29e5a
INFO: [Coretcl 2-1174] Renamed 4 cell refs.
Write ShapeDB Complete: Time (s): cpu = 00:00:00.01 ; elapsed = 00:00:00 . Memory (MB): peak = 2547.031 ; gain = 0.000 ; free physical = 37175 ; free virtual = 49250
INFO: [Common 17-1381] The checkpoint '/home/grzegorz/git/MADC_ARTY/Software/vivado/MADC_ARTY_Z7/MADC_ARTY_Z7.runs/MADC_ARTY_Z7_MADC_0_0_synth_1/MADC_ARTY_Z7_MADC_0_0.dcp' has been generated.
INFO: [Vivado 12-24828] Executing command : report_utilization -file MADC_ARTY_Z7_MADC_0_0_utilization_synth.rpt -pb MADC_ARTY_Z7_MADC_0_0_utilization_synth.pb
INFO: [Common 17-206] Exiting Vivado at Wed Sep  9 19:21:50 2026...
