LTspice 24.1.9 for Windows
Circuit: Z:\home\grzegorz\git\MADC_ARTY\LTSpice\MADC.net
Start Time: Fri Jul 10 18:57:19 2026
solver = Alternate
Maximum thread count: 12
tnom = 27
temp = 27
method = modified trap
Per .tran options, skipping operating point for transient analysis.
Changing Tseed to 1e-08
Changing Tseed to 1e-10
Total elapsed time: 2.096 seconds.

Files loaded:
Z:\home\grzegorz\git\MADC_ARTY\LTSpice\MADC.net
C:\users\grzegorz\AppData\Local\LTspice\lib\cmp\standard.dio
C:\users\grzegorz\AppData\Local\LTspice\lib\sub\ADA4177.lib
C:\users\grzegorz\AppData\Local\LTspice\lib\sub\ADA4620.sub
C:\users\grzegorz\AppData\Local\LTspice\lib\sub\ADG412.sub
C:\users\grzegorz\AppData\Local\LTspice\lib\sub\ADG419.sub
C:\users\grzegorz\AppData\Local\LTspice\lib\sub\LT5400-1.sub
C:\users\grzegorz\AppData\Local\LTspice\lib\sub\LT5400.lib
C:\users\grzegorz\AppData\Local\LTspice\lib\sub\LTC.lib

